#-----------------------------------------------------------
# Vivado v2014.4
# SW Build 1071353 on Tue Nov 18 18:06:20 MST 2014
# IP Build 1070531 on Tue Nov 18 01:10:18 MST 2014
# Start of session at: Sat Oct 29 19:49:50 2016
# Process ID: 6264
# Log file: E:/Xilinx/Artix-7/Workspace/project_led/vivado.log
# Journal file: E:/Xilinx/Artix-7/Workspace/project_led\vivado.jou
#-----------------------------------------------------------
start_gui
open_project E:/Xilinx/Artix-7/Workspace/project_led/project_led.xpr
open_hw
reset_run impl_1 -prev_step 
launch_runs impl_1 -to_step write_bitstream
wait_on_run impl_1
open_run impl_1
close_design
connect_hw_server
open_hw_target [lindex [get_hw_targets -of_objects [get_hw_servers localhost]] 0]
set_property PROGRAM.FILE {E:/Xilinx/Artix-7/Workspace/project_led/project_led.runs/impl_1/led_top.bit} [lindex [get_hw_devices] 0]
set_property PROBES.FILE {E:/Xilinx/Artix-7/Workspace/project_led/project_led.runs/impl_1/debug_nets.ltx} [lindex [get_hw_devices] 0]
current_hw_device [lindex [get_hw_devices] 0]
refresh_hw_device -update_hw_probes false [lindex [get_hw_devices] 0]
set_property PROBES.FILE {E:/Xilinx/Artix-7/Workspace/project_led/project_led.runs/impl_1/debug_nets.ltx} [lindex [get_hw_devices] 0]
set_property PROGRAM.FILE {E:/Xilinx/Artix-7/Workspace/project_led/project_led.runs/impl_1/led_top.bit} [lindex [get_hw_devices] 0]
program_hw_devices [lindex [get_hw_devices] 0]
refresh_hw_device [lindex [get_hw_devices] 0]
create_hw_cfgmem -hw_device [lindex [get_hw_devices] 0] -mem_dev  [lindex [get_cfgmem_parts {n25q64-3.3v-spi-x1_x2_x4}] 0]
set_property PROGRAM.BLANK_CHECK  0 [ get_property PROGRAM.HW_CFGMEM [lindex [get_hw_devices] 0 ]]
set_property PROGRAM.ERASE  1 [ get_property PROGRAM.HW_CFGMEM [lindex [get_hw_devices] 0 ]]
set_property PROGRAM.CFG_PROGRAM  1 [ get_property PROGRAM.HW_CFGMEM [lindex [get_hw_devices] 0 ]]
set_property PROGRAM.VERIFY  1 [ get_property PROGRAM.HW_CFGMEM [lindex [get_hw_devices] 0 ]]
refresh_hw_device [lindex [get_hw_devices] 0]
1
write_cfgmem -format mcs -interface spix4 -size 128 -loadbit "up 0 led_top.bit" -file led_top.mcs -force
pwd
cd E:\Xilinx\Artix-7\Workspace\project_led\project_led.runs\impl_1
cd ../
pwd
cd project_led
pwd
cd project_led.runs
pwd
cd impl_1
pwd
write_cfgmem -format mcs -interface spix4 -size 128 -loadbit "up 0 led_top.bit" -file led_top.mcs -force
write_cfgmem -format mcs -interface spix4 -size 64 -loadbit "up 0 led_top.bit" -file led_top.mcs -force
write_cfgmem -format mcs -interface spix4 -size 64 -loadbit "up 0 led_top.bit" -file led_top.mcs -force
