#-----------------------------------------------------------
# Vivado v2016.4 (64-bit)
# SW Build 1733598 on Wed Dec 14 22:35:39 MST 2016
# IP Build 1731160 on Wed Dec 14 23:47:21 MST 2016
# Start of session at: Mon Apr 23 13:53:44 2018
# Process ID: 9716
# Current directory: E:/Xilinx/Artix-7/Workspace-DDR3/Test06_project_usb_uart/usb_uart
# Command line: vivado.exe -gui_launcher_event rodinguilauncherevent19208 E:\Xilinx\Artix-7\Workspace-DDR3\Test06_project_usb_uart\usb_uart\usb_uart.xpr
# Log file: E:/Xilinx/Artix-7/Workspace-DDR3/Test06_project_usb_uart/usb_uart/vivado.log
# Journal file: E:/Xilinx/Artix-7/Workspace-DDR3/Test06_project_usb_uart/usb_uart\vivado.jou
#-----------------------------------------------------------
start_gui
open_project E:/Xilinx/Artix-7/Workspace-DDR3/Test06_project_usb_uart/usb_uart/usb_uart.xpr
open_hw
connect_hw_server
open_hw_target
set_property PROGRAM.FILE {E:/Xilinx/Artix-7/Workspace-DDR3/Test06_project_usb_uart/usb_uart/usb_uart.runs/impl_1/uart_top.bit} [lindex [get_hw_devices xc7a35t_0] 0]
set_property PROBES.FILE {E:/Xilinx/Artix-7/Workspace-DDR3/Test06_project_usb_uart/usb_uart/usb_uart.runs/impl_1/debug_nets.ltx} [lindex [get_hw_devices xc7a35t_0] 0]
current_hw_device [lindex [get_hw_devices xc7a35t_0] 0]
refresh_hw_device -update_hw_probes false [lindex [get_hw_devices xc7a35t_0] 0]
set_property PROBES.FILE {E:/Xilinx/Artix-7/Workspace-DDR3/Test06_project_usb_uart/usb_uart/usb_uart.runs/impl_1/debug_nets.ltx} [lindex [get_hw_devices xc7a35t_0] 0]
set_property PROGRAM.FILE {E:/Xilinx/Artix-7/Workspace-DDR3/Test06_project_usb_uart/usb_uart/usb_uart.runs/impl_1/uart_top.bit} [lindex [get_hw_devices xc7a35t_0] 0]
program_hw_devices [lindex [get_hw_devices xc7a35t_0] 0]
refresh_hw_device [lindex [get_hw_devices xc7a35t_0] 0]
close_hw
open_hw
connect_hw_server
open_hw_target
set_property PROGRAM.FILE {E:/Xilinx/Artix-7/Workspace-DDR3/Test06_project_usb_uart/usb_uart/usb_uart.runs/impl_1/uart_top.bit} [lindex [get_hw_devices xc7a35t_0] 0]
set_property PROBES.FILE {E:/Xilinx/Artix-7/Workspace-DDR3/Test06_project_usb_uart/usb_uart/usb_uart.runs/impl_1/debug_nets.ltx} [lindex [get_hw_devices xc7a35t_0] 0]
current_hw_device [lindex [get_hw_devices xc7a35t_0] 0]
refresh_hw_device -update_hw_probes false [lindex [get_hw_devices xc7a35t_0] 0]
set_property PROBES.FILE {E:/Xilinx/Artix-7/Workspace-DDR3/Test06_project_usb_uart/usb_uart/usb_uart.runs/impl_1/debug_nets.ltx} [lindex [get_hw_devices xc7a35t_0] 0]
set_property PROGRAM.FILE {E:/Xilinx/Artix-7/Workspace-DDR3/Test06_project_usb_uart/usb_uart/usb_uart.runs/impl_1/uart_top.bit} [lindex [get_hw_devices xc7a35t_0] 0]
program_hw_devices [lindex [get_hw_devices xc7a35t_0] 0]
refresh_hw_device [lindex [get_hw_devices xc7a35t_0] 0]
close_hw
open_hw
connect_hw_server
open_hw_target
set_property PROGRAM.FILE {E:/Xilinx/Artix-7/Workspace-DDR3/Test06_project_usb_uart/usb_uart/usb_uart.runs/impl_1/uart_top.bit} [lindex [get_hw_devices xc7a35t_0] 0]
set_property PROBES.FILE {E:/Xilinx/Artix-7/Workspace-DDR3/Test06_project_usb_uart/usb_uart/usb_uart.runs/impl_1/debug_nets.ltx} [lindex [get_hw_devices xc7a35t_0] 0]
current_hw_device [lindex [get_hw_devices xc7a35t_0] 0]
refresh_hw_device -update_hw_probes false [lindex [get_hw_devices xc7a35t_0] 0]
set_property PROBES.FILE {E:/Xilinx/Artix-7/Workspace-DDR3/Test06_project_usb_uart/usb_uart/usb_uart.runs/impl_1/debug_nets.ltx} [lindex [get_hw_devices xc7a35t_0] 0]
set_property PROGRAM.FILE {E:/Xilinx/Artix-7/Workspace-DDR3/Test06_project_usb_uart/usb_uart/usb_uart.runs/impl_1/uart_top.bit} [lindex [get_hw_devices xc7a35t_0] 0]
program_hw_devices [lindex [get_hw_devices xc7a35t_0] 0]
refresh_hw_device [lindex [get_hw_devices xc7a35t_0] 0]
